[2026-10-03 21:59:38.562] [info] Updating Model file from 30000 to latest format...
[2026-10-03 21:59:38.586] [info] Loaded model Maharaj2021_BothLegs from file D:\Project\climbing_fall_analysis\model\FootwithinLowerlimbModel\Maharaj2021_BothLegs.osim
[2026-10-03 21:59:38.587] [warning] Couldn't find file 'sacrum.vtp'.
[2026-10-03 21:59:38.587] [warning] Couldn't find file 'pelvis.vtp'.
[2026-10-03 21:59:38.587] [warning] Couldn't find file 'l_pelvis.vtp'.
[2026-10-03 21:59:38.587] [warning] Couldn't find file 'femur_r.vtp'.
[2026-10-03 21:59:38.587] [warning] Couldn't find file 'tibia_r.vtp'.
[2026-10-03 21:59:38.587] [warning] Couldn't find file 'fibula_r.vtp'.
[2026-10-03 21:59:38.587] [warning] Couldn't find file 'pat.vtp'.
[2026-10-03 21:59:38.593] [warning] Couldn't find file 'femur_l.vtp'.
[2026-10-03 21:59:38.593] [warning] Couldn't find file 'tibia_l.vtp'.
[2026-10-03 21:59:38.593] [warning] Couldn't find file 'l_fibula.vtp'.
[2026-10-03 21:59:38.594] [warning] Couldn't find file 'l_pat.vtp'.
[2026-10-03 21:59:38.600] [info] 'ControllerSet' was renamed and is being set to 'controllerset'.
[2026-10-03 21:59:38.601] [info] 'ComponentSet' was renamed and is being set to 'componentset'.
[2026-10-03 21:59:38.611] [info] Updating Model file from 30000 to latest format...
[2026-10-03 21:59:38.634] [info] Loaded model Maharaj2021_BothLegs from file D:\Project\climbing_fall_analysis\model\FootwithinLowerlimbModel\Maharaj2021_BothLegs_V2.osim
[2026-10-03 21:59:38.635] [warning] Couldn't find file 'sacrum.vtp'.
[2026-10-03 21:59:38.635] [warning] Couldn't find file 'pelvis.vtp'.
[2026-10-03 21:59:38.635] [warning] Couldn't find file 'l_pelvis.vtp'.
[2026-10-03 21:59:38.635] [warning] Couldn't find file 'femur_r.vtp'.
[2026-10-03 21:59:38.635] [warning] Couldn't find file 'tibia_r.vtp'.
[2026-10-03 21:59:38.635] [warning] Couldn't find file 'fibula_r.vtp'.
[2026-10-03 21:59:38.635] [warning] Couldn't find file 'pat.vtp'.
[2026-10-03 21:59:38.639] [warning] Couldn't find file 'femur_l.vtp'.
[2026-10-03 21:59:38.639] [warning] Couldn't find file 'tibia_l.vtp'.
[2026-10-03 21:59:38.639] [warning] Couldn't find file 'l_fibula.vtp'.
[2026-10-03 21:59:38.639] [warning] Couldn't find file 'l_pat.vtp'.
[2026-10-03 21:59:38.642] [info] 'ControllerSet' was renamed and is being set to 'controllerset'.
[2026-10-03 21:59:38.643] [info] 'ComponentSet' was renamed and is being set to 'componentset'.
[2026-10-03 21:59:38.653] [info] Updating Model file from 40000 to latest format...
[2026-10-03 21:59:38.672] [info] Loaded model SampleData from file D:\Project\climbing_fall_analysis\model\FootwithinLowerlimbModel\SampleData_SCALED.osim
[2026-10-03 21:59:38.672] [warning] Couldn't find file 'sacrum.vtp'.
[2026-10-03 21:59:38.672] [warning] Couldn't find file 'pelvis.vtp'.
[2026-10-03 21:59:38.672] [warning] Couldn't find file 'l_pelvis.vtp'.
[2026-10-03 21:59:38.672] [warning] Couldn't find file 'femur_r.vtp'.
[2026-10-03 21:59:38.672] [warning] Couldn't find file 'tibia_r.vtp'.
[2026-10-03 21:59:38.672] [warning] Couldn't find file 'fibula_r.vtp'.
[2026-10-03 21:59:38.672] [warning] Couldn't find file 'pat.vtp'.
[2026-10-03 21:59:38.675] [warning] Couldn't find file 'femur_l.vtp'.
[2026-10-03 21:59:38.675] [warning] Couldn't find file 'tibia_l.vtp'.
[2026-10-03 21:59:38.675] [warning] Couldn't find file 'l_fibula.vtp'.
[2026-10-03 21:59:38.675] [warning] Couldn't find file 'l_pat.vtp'.
[2026-10-03 21:59:38.690] [info] Updating Model file from 30000 to latest format...
[2026-10-03 21:59:38.715] [info] Loaded model FullBodyModel_MuscleActuatedLowerLimb_TorqueActuatedUpperBody from file D:\Project\climbing_fall_analysis\model\opensim\FullBodyModel-4.0\Rajagopal2015.osim
[2026-10-03 21:59:38.932] [info] Updating Model file from 30000 to latest format...
[2026-10-03 21:59:38.951] [error] Object::newInstanceOfType(): object type 'NonLinearLigament' is not a registered Object! It will be ignored.
[2026-10-03 21:59:49.784] [info] Updating Model file from 30000 to latest format...
[2026-10-03 21:59:49.808] [info] Loaded model Maharaj2021_BothLegs from file D:\Project\climbing_fall_analysis\model\FootwithinLowerlimbModel\Maharaj2021_BothLegs.osim
[2026-10-03 21:59:49.809] [warning] Couldn't find file 'sacrum.vtp'.
[2026-10-03 21:59:49.809] [warning] Couldn't find file 'pelvis.vtp'.
[2026-10-03 21:59:49.809] [warning] Couldn't find file 'l_pelvis.vtp'.
[2026-10-03 21:59:49.809] [warning] Couldn't find file 'femur_r.vtp'.
[2026-10-03 21:59:49.809] [warning] Couldn't find file 'tibia_r.vtp'.
[2026-10-03 21:59:49.809] [warning] Couldn't find file 'fibula_r.vtp'.
[2026-10-03 21:59:49.809] [warning] Couldn't find file 'pat.vtp'.
[2026-10-03 21:59:49.813] [warning] Couldn't find file 'femur_l.vtp'.
[2026-10-03 21:59:49.813] [warning] Couldn't find file 'tibia_l.vtp'.
[2026-10-03 21:59:49.813] [warning] Couldn't find file 'l_fibula.vtp'.
[2026-10-03 21:59:49.813] [warning] Couldn't find file 'l_pat.vtp'.
[2026-10-03 21:59:49.817] [info] 'ControllerSet' was renamed and is being set to 'controllerset'.
[2026-10-03 21:59:49.817] [info] 'ComponentSet' was renamed and is being set to 'componentset'.
[2026-10-03 21:59:49.829] [info] Updating Model file from 30000 to latest format...
[2026-10-03 21:59:49.854] [info] Loaded model Maharaj2021_BothLegs from file D:\Project\climbing_fall_analysis\model\FootwithinLowerlimbModel\Maharaj2021_BothLegs_V2.osim
[2026-10-03 21:59:49.854] [warning] Couldn't find file 'sacrum.vtp'.
[2026-10-03 21:59:49.854] [warning] Couldn't find file 'pelvis.vtp'.
[2026-10-03 21:59:49.854] [warning] Couldn't find file 'l_pelvis.vtp'.
[2026-10-03 21:59:49.854] [warning] Couldn't find file 'femur_r.vtp'.
[2026-10-03 21:59:49.854] [warning] Couldn't find file 'tibia_r.vtp'.
[2026-10-03 21:59:49.854] [warning] Couldn't find file 'fibula_r.vtp'.
[2026-10-03 21:59:49.854] [warning] Couldn't find file 'pat.vtp'.
[2026-10-03 21:59:49.858] [warning] Couldn't find file 'femur_l.vtp'.
[2026-10-03 21:59:49.858] [warning] Couldn't find file 'tibia_l.vtp'.
[2026-10-03 21:59:49.858] [warning] Couldn't find file 'l_fibula.vtp'.
[2026-10-03 21:59:49.858] [warning] Couldn't find file 'l_pat.vtp'.
[2026-10-03 21:59:49.862] [info] 'ControllerSet' was renamed and is being set to 'controllerset'.
[2026-10-03 21:59:49.863] [info] 'ComponentSet' was renamed and is being set to 'componentset'.
[2026-10-03 21:59:49.872] [info] Updating Model file from 40000 to latest format...
[2026-10-03 21:59:49.892] [info] Loaded model SampleData from file D:\Project\climbing_fall_analysis\model\FootwithinLowerlimbModel\SampleData_SCALED.osim
[2026-10-03 21:59:49.893] [warning] Couldn't find file 'sacrum.vtp'.
[2026-10-03 21:59:49.893] [warning] Couldn't find file 'pelvis.vtp'.
[2026-10-03 21:59:49.893] [warning] Couldn't find file 'l_pelvis.vtp'.
[2026-10-03 21:59:49.893] [warning] Couldn't find file 'femur_r.vtp'.
[2026-10-03 21:59:49.893] [warning] Couldn't find file 'tibia_r.vtp'.
[2026-10-03 21:59:49.893] [warning] Couldn't find file 'fibula_r.vtp'.
[2026-10-03 21:59:49.893] [warning] Couldn't find file 'pat.vtp'.
[2026-10-03 21:59:49.899] [warning] Couldn't find file 'femur_l.vtp'.
[2026-10-03 21:59:49.899] [warning] Couldn't find file 'tibia_l.vtp'.
[2026-10-03 21:59:49.899] [warning] Couldn't find file 'l_fibula.vtp'.
[2026-10-03 21:59:49.899] [warning] Couldn't find file 'l_pat.vtp'.
[2026-10-03 21:59:49.921] [info] Updating Model file from 30000 to latest format...
[2026-10-03 21:59:49.944] [info] Loaded model FullBodyModel_MuscleActuatedLowerLimb_TorqueActuatedUpperBody from file D:\Project\climbing_fall_analysis\model\opensim\FullBodyModel-4.0\Rajagopal2015.osim
[2026-10-03 21:59:50.152] [info] Updating Model file from 30000 to latest format...
[2026-10-03 21:59:50.171] [error] Object::newInstanceOfType(): object type 'NonLinearLigament' is not a registered Object! It will be ignored.
[2026-10-03 21:59:54.459] [info] Updating Model file from 30000 to latest format...
[2026-10-03 21:59:54.483] [info] Loaded model Maharaj2021_BothLegs from file D:\Project\climbing_fall_analysis\model\FootwithinLowerlimbModel\Maharaj2021_BothLegs.osim
[2026-10-03 21:59:54.483] [warning] Couldn't find file 'sacrum.vtp'.
[2026-10-03 21:59:54.483] [warning] Couldn't find file 'pelvis.vtp'.
[2026-10-03 21:59:54.484] [warning] Couldn't find file 'l_pelvis.vtp'.
[2026-10-03 21:59:54.484] [warning] Couldn't find file 'femur_r.vtp'.
[2026-10-03 21:59:54.484] [warning] Couldn't find file 'tibia_r.vtp'.
[2026-10-03 21:59:54.484] [warning] Couldn't find file 'fibula_r.vtp'.
[2026-10-03 21:59:54.484] [warning] Couldn't find file 'pat.vtp'.
[2026-10-03 21:59:54.488] [warning] Couldn't find file 'femur_l.vtp'.
[2026-10-03 21:59:54.488] [warning] Couldn't find file 'tibia_l.vtp'.
[2026-10-03 21:59:54.488] [warning] Couldn't find file 'l_fibula.vtp'.
[2026-10-03 21:59:54.488] [warning] Couldn't find file 'l_pat.vtp'.
[2026-10-03 21:59:54.492] [info] 'ControllerSet' was renamed and is being set to 'controllerset'.
[2026-10-03 21:59:54.493] [info] 'ComponentSet' was renamed and is being set to 'componentset'.
[2026-10-03 21:59:54.501] [info] Updating Model file from 30000 to latest format...
[2026-10-03 21:59:54.524] [info] Loaded model Maharaj2021_BothLegs from file D:\Project\climbing_fall_analysis\model\FootwithinLowerlimbModel\Maharaj2021_BothLegs_V2.osim
[2026-10-03 21:59:54.524] [warning] Couldn't find file 'sacrum.vtp'.
[2026-10-03 21:59:54.524] [warning] Couldn't find file 'pelvis.vtp'.
[2026-10-03 21:59:54.524] [warning] Couldn't find file 'l_pelvis.vtp'.
[2026-10-03 21:59:54.525] [warning] Couldn't find file 'femur_r.vtp'.
[2026-10-03 21:59:54.525] [warning] Couldn't find file 'tibia_r.vtp'.
[2026-10-03 21:59:54.525] [warning] Couldn't find file 'fibula_r.vtp'.
[2026-10-03 21:59:54.525] [warning] Couldn't find file 'pat.vtp'.
[2026-10-03 21:59:54.529] [warning] Couldn't find file 'femur_l.vtp'.
[2026-10-03 21:59:54.529] [warning] Couldn't find file 'tibia_l.vtp'.
[2026-10-03 21:59:54.529] [warning] Couldn't find file 'l_fibula.vtp'.
[2026-10-03 21:59:54.529] [warning] Couldn't find file 'l_pat.vtp'.
[2026-10-03 21:59:54.532] [info] 'ControllerSet' was renamed and is being set to 'controllerset'.
[2026-10-03 21:59:54.533] [info] 'ComponentSet' was renamed and is being set to 'componentset'.
[2026-10-03 21:59:54.542] [info] Updating Model file from 40000 to latest format...
[2026-10-03 21:59:54.560] [info] Loaded model SampleData from file D:\Project\climbing_fall_analysis\model\FootwithinLowerlimbModel\SampleData_SCALED.osim
[2026-10-03 21:59:54.561] [warning] Couldn't find file 'sacrum.vtp'.
[2026-10-03 21:59:54.561] [warning] Couldn't find file 'pelvis.vtp'.
[2026-10-03 21:59:54.561] [warning] Couldn't find file 'l_pelvis.vtp'.
[2026-10-03 21:59:54.561] [warning] Couldn't find file 'femur_r.vtp'.
[2026-10-03 21:59:54.561] [warning] Couldn't find file 'tibia_r.vtp'.
[2026-10-03 21:59:54.561] [warning] Couldn't find file 'fibula_r.vtp'.
[2026-10-03 21:59:54.561] [warning] Couldn't find file 'pat.vtp'.
[2026-10-03 21:59:54.564] [warning] Couldn't find file 'femur_l.vtp'.
[2026-10-03 21:59:54.565] [warning] Couldn't find file 'tibia_l.vtp'.
[2026-10-03 21:59:54.565] [warning] Couldn't find file 'l_fibula.vtp'.
[2026-10-03 21:59:54.565] [warning] Couldn't find file 'l_pat.vtp'.
[2026-10-03 21:59:54.579] [info] Updating Model file from 30000 to latest format...
[2026-10-03 21:59:54.605] [info] Loaded model FullBodyModel_MuscleActuatedLowerLimb_TorqueActuatedUpperBody from file D:\Project\climbing_fall_analysis\model\opensim\FullBodyModel-4.0\Rajagopal2015.osim
[2026-10-03 21:59:54.821] [info] Updating Model file from 30000 to latest format...
[2026-10-03 21:59:54.840] [error] Object::newInstanceOfType(): object type 'NonLinearLigament' is not a registered Object! It will be ignored.
